exam-prep/eighth-fix/checks/eighth-fix-check-5d0fd28862ba755b.md: OK
exam-prep/eighth-fix/checks/runs/5d0fd28862ba755b.clock: OK
exam-prep/eighth-fix/checks/runs/5d0fd28862ba755b.json: OK
exam-prep/eighth-fix/criteria-written-before-correcting.md: OK
exam-prep/eighth-fix/EIGHTH-FIX.md: OK
exam-prep/eighth-fix/JUROR-QUESTIONS-as-of-seventh-fix.md: OK
exam-prep/eighth-fix/juror-questions/JQ-R04-CONTENT-d.md: OK
exam-prep/eighth-fix/pre-run-fingerprints.txt: OK
exam-prep/eighth-fix/pre-run-scripts-fingerprints.txt: OK
exam-prep/eighth-fix/USER-QUESTIONS-as-of-seventh-fix.md: OK
exam-prep/JUROR-QUESTIONS.md: OK
exam-prep/USER-QUESTIONS.md: OK
exam-prep/VERDICT.md: OK
exam-prep/HANDED-FORWARD.md: OK
exam-prep/README.md: OK
scripts/35_eighth_fix_check.py: OK
scripts/29_identity_audit_exact.py: OK
decisions/2026-10-01-jq-r04-gate/verdict.md: OK
decisions/2026-10-01-jq-n1-canteen-8/verdict.md: OK
decisions/2026-10-01-jq-r04-carries/verdict.md: OK
decisions/2026-10-01-jq-r04-date-content/verdict.md: OK
exam-prep/sixth-fix/juror-questions/JQ-R04-CONTENT-d.md: OK
