universe symbols: 795; bases (len>=2): 777; observation tokens: 20

== [juror] exam-prep/eighth-fix/juror-questions/JQ-R04-CONTENT-d.md: 34 hits {'DATE': 2, 'DATE/provenance': 5, 'SYM-BASE': 6, 'SYM-WORD': 21}
   DATE/provenance   line    3 col  53  token-sha256:e016178c3633  len 10
   DATE/provenance   line    5 col  39  token-sha256:29a5102cbb3f  len 10
   SYM-WORD          line    7 col  21  token-sha256:2348f9987442  len 4
   SYM-WORD          line   10 col  12  token-sha256:2348f9987442  len 4
   SYM-WORD          line   24 col  63  token-sha256:b3a1984ba0b1  len 4
   SYM-WORD          line   44 col  49  token-sha256:b3a1984ba0b1  len 4
   SYM-WORD          line   55 col  51  token-sha256:2348f9987442  len 4
   SYM-WORD          line   58 col   5  token-sha256:c9022680f888  len 6
   SYM-WORD          line   59 col  56  token-sha256:b3a1984ba0b1  len 4
   SYM-WORD          line   61 col  15  token-sha256:b3a1984ba0b1  len 4
   SYM-WORD          line   62 col  34  token-sha256:b3a1984ba0b1  len 4
   SYM-BASE          line   71 col  10  token-sha256:9b202ecbc6d4  len 2
   SYM-WORD          line   79 col   5  token-sha256:b3a1984ba0b1  len 4
   SYM-WORD          line   86 col  33  token-sha256:b3a1984ba0b1  len 4
   SYM-WORD          line   88 col   7  token-sha256:b3a1984ba0b1  len 4
   SYM-WORD          line   88 col  33  token-sha256:b3a1984ba0b1  len 4
   SYM-BASE          line   91 col  47  token-sha256:b5c7aed7cd2a  len 3
   DATE/provenance   line   94 col  12  token-sha256:e016178c3633  len 10
   SYM-BASE          line   99 col  20  token-sha256:b5c7aed7cd2a  len 3
   SYM-BASE          line  101 col  37  token-sha256:b5c7aed7cd2a  len 3
   SYM-WORD          line  116 col  27  token-sha256:6ef7c9b15ecd  len 4
   SYM-WORD          line  124 col  24  token-sha256:2348f9987442  len 4
   SYM-WORD          line  125 col   0  token-sha256:3eeb7e96e59c  len 5
   SYM-BASE          line  129 col  17  token-sha256:9b202ecbc6d4  len 2
   DATE/provenance   line  134 col  25  token-sha256:e016178c3633  len 10
   DATE/provenance   line  135 col  22  token-sha256:e016178c3633  len 10
   DATE              line  145 col  21  token-sha256:8c78fe5b9936  len 3
   SYM-WORD          line  146 col  44  token-sha256:b3a1984ba0b1  len 4
   SYM-WORD          line  149 col   2  token-sha256:b3a1984ba0b1  len 4
   DATE              line  154 col  21  token-sha256:8c78fe5b9936  len 3
   SYM-WORD          line  159 col  38  token-sha256:b3a1984ba0b1  len 4
   SYM-WORD          line  166 col  36  token-sha256:b3a1984ba0b1  len 4
   SYM-BASE          line  179 col   7  token-sha256:b5c7aed7cd2a  len 3
   SYM-WORD          line  214 col  24  token-sha256:b3a1984ba0b1  len 4

== [juror] RULES.md: 14 hits {'DATE': 2, 'DATE/provenance': 1, 'SYM-WORD': 11}
   SYM-WORD          line   41 col  19  token-sha256:b3a1984ba0b1  len 4
   SYM-WORD          line   46 col   8  token-sha256:b3a1984ba0b1  len 4
   SYM-WORD          line   50 col  26  token-sha256:f9eeb63bf773  len 4
   SYM-WORD          line   62 col  64  token-sha256:2348f9987442  len 4
   SYM-WORD          line   80 col   7  token-sha256:204a5eb2cd28  len 4
   SYM-WORD          line   91 col  14  token-sha256:3f49dbbfe051  len 5
   SYM-WORD          line   99 col  37  token-sha256:07397d633f25  len 4
   SYM-WORD          line  110 col   7  token-sha256:ed077f3d8125  len 4
   SYM-WORD          line  112 col  46  token-sha256:2348f9987442  len 4
   DATE/provenance   line  112 col   6  token-sha256:ea8b9d012dc8  len 10
   SYM-WORD          line  116 col   9  token-sha256:2348f9987442  len 4
   DATE              line  133 col   8  token-sha256:cbdbacf80be9  len 10
   DATE              line  137 col  22  token-sha256:cbdbacf80be9  len 10
   SYM-WORD          line  142 col   4  token-sha256:07397d633f25  len 4

== [juror] TACTICS.md: 28 hits {'DATE': 4, 'SYM-BASE': 2, 'SYM-WORD': 22}
   DATE              line    5 col  14  token-sha256:f580cdaf5ab5  len 10
   DATE              line    5 col  27  token-sha256:a43808b5f307  len 10
   DATE              line    6 col  19  token-sha256:503fec36fa29  len 10
   DATE              line    6 col  32  token-sha256:63c02010eec0  len 10
   SYM-WORD          line   16 col  26  token-sha256:b3a1984ba0b1  len 4
   SYM-WORD          line   17 col  41  token-sha256:b3a1984ba0b1  len 4
   SYM-WORD          line   36 col  50  token-sha256:b3a1984ba0b1  len 4
   SYM-WORD          line   36 col  55  token-sha256:618d663af0f1  len 4
   SYM-WORD          line   38 col  50  token-sha256:b3a1984ba0b1  len 4
   SYM-WORD          line   40 col  10  token-sha256:b3a1984ba0b1  len 4
   SYM-WORD          line   57 col   2  token-sha256:2348f9987442  len 4
   SYM-WORD          line   59 col   2  token-sha256:3eeb7e96e59c  len 5
   SYM-BASE          line   62 col   2  token-sha256:9b202ecbc6d4  len 2
   SYM-WORD          line   63 col  12  token-sha256:c9022680f888  len 6
   SYM-BASE          line   71 col  52  token-sha256:11fb682be0a0  len 2
   SYM-WORD          line   76 col   6  token-sha256:3c469e9d6c58  len 5
   SYM-WORD          line   80 col  30  token-sha256:3eeb7e96e59c  len 5
   SYM-WORD          line   93 col  50  token-sha256:07397d633f25  len 4
   SYM-WORD          line  102 col   8  token-sha256:b3a1984ba0b1  len 4
   SYM-WORD          line  105 col   8  token-sha256:b3a1984ba0b1  len 4
   SYM-WORD          line  106 col  57  token-sha256:b3a1984ba0b1  len 4
   SYM-WORD          line  111 col   5  token-sha256:78b5b5558f2c  len 4
   SYM-WORD          line  112 col  31  token-sha256:92a5dc04bd6f  len 6
   SYM-WORD          line  115 col   7  token-sha256:b3a1984ba0b1  len 4
   SYM-WORD          line  117 col   2  token-sha256:78b5b5558f2c  len 4
   SYM-WORD          line  131 col   3  token-sha256:78b5b5558f2c  len 4
   SYM-WORD          line  136 col  13  token-sha256:f9eeb63bf773  len 4
   SYM-WORD          line  165 col  18  token-sha256:2348f9987442  len 4

== [juror] exam-prep/fifth-fix/juror-questions/JQ-N1.md: 81 hits {'DATE': 1, 'DATE/provenance': 6, 'SYM-WORD': 74}
   DATE/provenance   line    3 col  54  token-sha256:e016178c3633  len 10
   DATE/provenance   line    4 col  38  token-sha256:e016178c3633  len 10
   SYM-WORD          line    6 col  15  token-sha256:b3a1984ba0b1  len 4
   SYM-WORD          line    6 col  50  token-sha256:b3986952b145  len 5
   SYM-WORD          line    6 col  56  token-sha256:b3a1984ba0b1  len 4
   DATE/provenance   line    9 col  39  token-sha256:e016178c3633  len 10
   SYM-WORD          line   10 col  57  token-sha256:b3a1984ba0b1  len 4
   DATE/provenance   line   16 col  38  token-sha256:e016178c3633  len 10
   DATE/provenance   line   22 col  43  token-sha256:ea8b9d012dc8  len 10
   SYM-WORD          line   25 col   0  token-sha256:2348f9987442  len 4
   SYM-WORD          line   28 col  12  token-sha256:2348f9987442  len 4
   SYM-WORD          line   37 col  67  token-sha256:2348f9987442  len 4
   SYM-WORD          line   71 col  56  token-sha256:b3a1984ba0b1  len 4
   SYM-WORD          line   73 col  70  token-sha256:b3a1984ba0b1  len 4
   SYM-WORD          line   89 col 179  token-sha256:b3a1984ba0b1  len 4
   SYM-WORD          line   89 col 199  token-sha256:b3a1984ba0b1  len 4
   SYM-WORD          line   93 col  19  token-sha256:b3986952b145  len 5
   SYM-WORD          line   93 col  25  token-sha256:b3a1984ba0b1  len 4
   SYM-WORD          line   94 col   2  token-sha256:683a62ce15fb  len 4
   SYM-WORD          line   95 col   2  token-sha256:683a62ce15fb  len 4
   SYM-WORD          line   95 col  28  token-sha256:b3986952b145  len 5
   SYM-WORD          line   95 col  34  token-sha256:b3a1984ba0b1  len 4
   SYM-WORD          line   96 col   2  token-sha256:683a62ce15fb  len 4
   SYM-WORD          line   97 col   2  token-sha256:683a62ce15fb  len 4
   SYM-WORD          line   97 col  32  token-sha256:b3986952b145  len 5
   SYM-WORD          line   97 col  38  token-sha256:b3a1984ba0b1  len 4
   SYM-WORD          line   99 col  26  token-sha256:b3986952b145  len 5
   SYM-WORD          line   99 col  32  token-sha256:b3a1984ba0b1  len 4
   SYM-WORD          line  101 col  30  token-sha256:b3986952b145  len 5
   SYM-WORD          line  101 col  36  token-sha256:b3a1984ba0b1  len 4
   SYM-WORD          line  111 col   4  token-sha256:683a62ce15fb  len 4
   SYM-WORD          line  120 col   6  token-sha256:683a62ce15fb  len 4
   SYM-WORD          line  126 col   2  token-sha256:d1905cf90af2  len 4
   SYM-WORD          line  130 col  19  token-sha256:b3986952b145  len 5
   SYM-WORD          line  130 col  25  token-sha256:b3a1984ba0b1  len 4
   SYM-WORD          line  132 col  31  token-sha256:b3a1984ba0b1  len 4
   SYM-WORD          line  136 col   6  token-sha256:b3a1984ba0b1  len 4
   SYM-WORD          line  137 col  72  token-sha256:b3a1984ba0b1  len 4
   SYM-WORD          line  139 col  32  token-sha256:b3a1984ba0b1  len 4
   SYM-WORD          line  144 col  62  token-sha256:683a62ce15fb  len 4
   SYM-WORD          line  153 col 179  token-sha256:b3a1984ba0b1  len 4
   SYM-WORD          line  153 col 199  token-sha256:b3a1984ba0b1  len 4
   SYM-WORD          line  155 col   2  token-sha256:683a62ce15fb  len 4
   SYM-WORD          line  155 col  32  token-sha256:b3986952b145  len 5
   SYM-WORD          line  155 col  38  token-sha256:b3a1984ba0b1  len 4
   SYM-WORD          line  156 col  30  token-sha256:b3986952b145  len 5
   SYM-WORD          line  156 col  36  token-sha256:b3a1984ba0b1  len 4
   SYM-WORD          line  158 col  38  token-sha256:b3986952b145  len 5
   SYM-WORD          line  158 col  44  token-sha256:b3a1984ba0b1  len 4
   DATE              line  164 col  12  token-sha256:8c78fe5b9936  len 3
   SYM-WORD          line  164 col  40  token-sha256:b3a1984ba0b1  len 4
   SYM-WORD          line  171 col  31  token-sha256:b3a1984ba0b1  len 4
   SYM-WORD          line  172 col   4  token-sha256:b3986952b145  len 5
   SYM-WORD          line  172 col  10  token-sha256:b3a1984ba0b1  len 4
   SYM-WORD          line  172 col  38  token-sha256:b3a1984ba0b1  len 4
   SYM-WORD          line  174 col  23  token-sha256:b3a1984ba0b1  len 4
   SYM-WORD          line  174 col  53  token-sha256:683a62ce15fb  len 4
   SYM-WORD          line  175 col  34  token-sha256:b3a1984ba0b1  len 4
   SYM-WORD          line  177 col  25  token-sha256:07397d633f25  len 4
   SYM-WORD          line  178 col   8  token-sha256:b3a1984ba0b1  len 4
   SYM-WORD          line  180 col   4  token-sha256:b3a1984ba0b1  len 4
   SYM-WORD          line  180 col  39  token-sha256:b3a1984ba0b1  len 4
   SYM-WORD          line  181 col   4  token-sha256:683a62ce15fb  len 4
   SYM-WORD          line  181 col  26  token-sha256:b3986952b145  len 5
   SYM-WORD          line  181 col  32  token-sha256:b3a1984ba0b1  len 4
   SYM-WORD          line  182 col   4  token-sha256:b3986952b145  len 5
   SYM-WORD          line  182 col  10  token-sha256:b3a1984ba0b1  len 4
   SYM-WORD          line  182 col  52  token-sha256:b3a1984ba0b1  len 4
   SYM-WORD          line  185 col  41  token-sha256:b3a1984ba0b1  len 4
   SYM-WORD          line  187 col  62  token-sha256:b3a1984ba0b1  len 4
   SYM-WORD          line  188 col  48  token-sha256:b3a1984ba0b1  len 4
   SYM-WORD          line  191 col   9  token-sha256:2348f9987442  len 4
   SYM-WORD          line  194 col  51  token-sha256:b3a1984ba0b1  len 4
   DATE/provenance   line  195 col  10  token-sha256:ea8b9d012dc8  len 10
   SYM-WORD          line  197 col  38  token-sha256:b3a1984ba0b1  len 4
   SYM-WORD          line  212 col  19  token-sha256:3eeb7e96e59c  len 5
   SYM-WORD          line  215 col  31  token-sha256:683a62ce15fb  len 4
   SYM-WORD          line  216 col  63  token-sha256:b3986952b145  len 5
   SYM-WORD          line  216 col  69  token-sha256:b3a1984ba0b1  len 4
   SYM-WORD          line  218 col  26  token-sha256:683a62ce15fb  len 4
   SYM-WORD          line  234 col  45  token-sha256:2348f9987442  len 4

== [juror] exam-prep/fifth-fix/juror-questions/JQ-CANTEEN-8.md: 34 hits {'DATE': 4, 'DATE/provenance': 4, 'SYM-BASE': 1, 'SYM-WORD': 25}
   DATE              line    1 col  17  token-sha256:8c78fe5b9936  len 3
   SYM-WORD          line    1 col  45  token-sha256:b3a1984ba0b1  len 4
   DATE/provenance   line    4 col  10  token-sha256:ea8b9d012dc8  len 10
   DATE/provenance   line    5 col  49  token-sha256:e016178c3633  len 10
   DATE/provenance   line    6 col  39  token-sha256:e016178c3633  len 10
   SYM-WORD          line    7 col  65  token-sha256:b3a1984ba0b1  len 4
   DATE/provenance   line   10 col  38  token-sha256:e016178c3633  len 10
   SYM-WORD          line   14 col  21  token-sha256:2348f9987442  len 4
   SYM-WORD          line   17 col  12  token-sha256:2348f9987442  len 4
   SYM-WORD          line   27 col  48  token-sha256:b3a1984ba0b1  len 4
   SYM-WORD          line   35 col  63  token-sha256:b3a1984ba0b1  len 4
   SYM-WORD          line   48 col   7  token-sha256:b3a1984ba0b1  len 4
   SYM-BASE          line   50 col  21  token-sha256:73475cb40a56  len 2
   DATE              line   61 col  41  token-sha256:ea8b9d012dc8  len 10
   DATE              line   62 col   5  token-sha256:8c78fe5b9936  len 3
   SYM-WORD          line   66 col  34  token-sha256:b3a1984ba0b1  len 4
   SYM-WORD          line   67 col  24  token-sha256:b3a1984ba0b1  len 4
   SYM-WORD          line   68 col  44  token-sha256:b3a1984ba0b1  len 4
   SYM-WORD          line   73 col   9  token-sha256:b3a1984ba0b1  len 4
   SYM-WORD          line   83 col  34  token-sha256:92a5dc04bd6f  len 6
   SYM-WORD          line  106 col  20  token-sha256:b3a1984ba0b1  len 4
   SYM-WORD          line  110 col  28  token-sha256:b3a1984ba0b1  len 4
   SYM-WORD          line  111 col  19  token-sha256:b3a1984ba0b1  len 4
   SYM-WORD          line  114 col  67  token-sha256:b3a1984ba0b1  len 4
   SYM-WORD          line  115 col  14  token-sha256:b3a1984ba0b1  len 4
   SYM-WORD          line  115 col  37  token-sha256:b3a1984ba0b1  len 4
   SYM-WORD          line  117 col  52  token-sha256:b3a1984ba0b1  len 4
   DATE              line  121 col  12  token-sha256:8c78fe5b9936  len 3
   SYM-WORD          line  121 col  45  token-sha256:b3a1984ba0b1  len 4
   SYM-WORD          line  126 col  33  token-sha256:b3a1984ba0b1  len 4
   SYM-WORD          line  132 col  39  token-sha256:b3a1984ba0b1  len 4
   SYM-WORD          line  134 col  43  token-sha256:b3a1984ba0b1  len 4
   SYM-WORD          line  143 col  15  token-sha256:b3a1984ba0b1  len 4
   SYM-WORD          line  144 col  72  token-sha256:b3a1984ba0b1  len 4

== [juror] exam-prep/third-fix/juror-questions/JQ-R04-GATE.md: 51 hits {'DATE/provenance': 2, 'PRICE': 23, 'SYM-BASE': 7, 'SYM-WORD': 19}
   DATE/provenance   line    3 col  54  token-sha256:e016178c3633  len 10
   DATE/provenance   line    4 col  38  token-sha256:e016178c3633  len 10
   SYM-WORD          line   11 col  44  token-sha256:2348f9987442  len 4
   SYM-WORD          line   14 col  12  token-sha256:2348f9987442  len 4
   SYM-WORD          line   24 col   0  token-sha256:d1905cf90af2  len 4
   SYM-WORD          line   38 col  39  token-sha256:b3a1984ba0b1  len 4
   SYM-WORD          line   45 col   3  token-sha256:b3a1984ba0b1  len 4
   SYM-WORD          line   46 col  16  token-sha256:b3a1984ba0b1  len 4
   SYM-WORD          line   49 col  29  token-sha256:2348f9987442  len 4
   SYM-BASE          line   55 col  52  token-sha256:b5c7aed7cd2a  len 3
   SYM-BASE          line   59 col  10  token-sha256:b5c7aed7cd2a  len 3
   SYM-BASE          line   64 col  11  token-sha256:b5c7aed7cd2a  len 3
   SYM-WORD          line   69 col  63  token-sha256:b3a1984ba0b1  len 4
   SYM-BASE          line   79 col  19  token-sha256:b5c7aed7cd2a  len 3
   SYM-WORD          line   83 col  33  token-sha256:b3a1984ba0b1  len 4
   SYM-WORD          line   84 col   6  token-sha256:b3a1984ba0b1  len 4
   SYM-WORD          line   86 col   7  token-sha256:b3a1984ba0b1  len 4
   SYM-WORD          line   86 col  33  token-sha256:b3a1984ba0b1  len 4
   SYM-WORD          line   87 col  25  token-sha256:b3a1984ba0b1  len 4
   SYM-BASE          line   94 col  14  token-sha256:b5c7aed7cd2a  len 3
   SYM-WORD          line  104 col  34  token-sha256:2348f9987442  len 4
   SYM-WORD          line  109 col  42  token-sha256:f9eeb63bf773  len 4
   SYM-WORD          line  114 col  17  token-sha256:b3a1984ba0b1  len 4
   SYM-WORD          line  115 col  19  token-sha256:46ba34770bcc  len 4
   SYM-BASE          line  125 col   2  token-sha256:b5c7aed7cd2a  len 3
   SYM-BASE          line  128 col  45  token-sha256:b5c7aed7cd2a  len 3
   PRICE             line  130 col  67  token-sha256:23996d04664f  len 6
   PRICE             line  130 col  75  token-sha256:3f6445a0ffd0  len 6
   PRICE             line  130 col  93  token-sha256:ae8534a4b2d8  len 6
   PRICE             line  130 col 101  token-sha256:0eb8acdd604d  len 6
   PRICE             line  131 col  39  token-sha256:23996d04664f  len 6
   PRICE             line  131 col  47  token-sha256:3f6445a0ffd0  len 6
   PRICE             line  131 col  65  token-sha256:ae8534a4b2d8  len 6
   PRICE             line  131 col  73  token-sha256:0eb8acdd604d  len 6
   PRICE             line  132 col  37  token-sha256:391b7ca164e9  len 6
   PRICE             line  132 col  45  token-sha256:3f6445a0ffd0  len 6
   PRICE             line  132 col  63  token-sha256:37d2ade23cae  len 6
   PRICE             line  132 col  71  token-sha256:0185b9103f4c  len 6
   PRICE             line  133 col  38  token-sha256:b9817f7a3038  len 6
   PRICE             line  133 col  46  token-sha256:3c0d9412122c  len 6
   PRICE             line  133 col  64  token-sha256:f62a0d7faef9  len 6
   PRICE             line  133 col  72  token-sha256:2c23dba2eff7  len 6
   PRICE             line  134 col  66  token-sha256:80e89be8ac2b  len 6
   PRICE             line  134 col  74  token-sha256:fd775b550b68  len 6
   PRICE             line  134 col  92  token-sha256:dc8821e107f4  len 6
   PRICE             line  134 col 100  token-sha256:d50cc041a8bd  len 6
   SYM-WORD          line  142 col  49  token-sha256:f9eeb63bf773  len 4
   PRICE             line  149 col   5  token-sha256:23996d04664f  len 6
   PRICE             line  149 col  15  token-sha256:8e3b881dabcb  len 6
   PRICE             line  149 col  28  token-sha256:3c0d9412122c  len 6
   SYM-WORD          line  159 col  28  token-sha256:2348f9987442  len 4

== [juror] exam-prep/sixth-fix/juror-questions/JQ-R04-CARRIES.md: 22 hits {'DATE': 1, 'DATE/provenance': 1, 'SYM-WORD': 20}
   SYM-WORD          line    1 col  64  token-sha256:b3a1984ba0b1  len 4
   DATE/provenance   line    3 col  53  token-sha256:e016178c3633  len 10
   SYM-WORD          line    4 col  29  token-sha256:2348f9987442  len 4
   SYM-WORD          line    7 col  12  token-sha256:2348f9987442  len 4
   DATE              line   16 col  33  token-sha256:8c78fe5b9936  len 3
   SYM-WORD          line   19 col  19  token-sha256:b3a1984ba0b1  len 4
   SYM-WORD          line   20 col  44  token-sha256:b3a1984ba0b1  len 4
   SYM-WORD          line   28 col  65  token-sha256:b3a1984ba0b1  len 4
   SYM-WORD          line   53 col  49  token-sha256:b3a1984ba0b1  len 4
   SYM-WORD          line   65 col  48  token-sha256:b3a1984ba0b1  len 4
   SYM-WORD          line   70 col  28  token-sha256:b3a1984ba0b1  len 4
   SYM-WORD          line   75 col  16  token-sha256:b3a1984ba0b1  len 4
   SYM-WORD          line   76 col  22  token-sha256:b3a1984ba0b1  len 4
   SYM-WORD          line   79 col  25  token-sha256:b3a1984ba0b1  len 4
   SYM-WORD          line   79 col  51  token-sha256:b3a1984ba0b1  len 4
   SYM-WORD          line   82 col   7  token-sha256:b3a1984ba0b1  len 4
   SYM-WORD          line   85 col  27  token-sha256:f9eeb63bf773  len 4
   SYM-WORD          line  113 col  17  token-sha256:2348f9987442  len 4
   SYM-WORD          line  127 col  33  token-sha256:b3a1984ba0b1  len 4
   SYM-WORD          line  132 col  29  token-sha256:f9eeb63bf773  len 4
   SYM-WORD          line  138 col  44  token-sha256:b3a1984ba0b1  len 4
   SYM-WORD          line  170 col   0  token-sha256:b3a1984ba0b1  len 4

== [juror] exam-prep/sixth-fix/juror-questions/JQ-R04-DATE.md: 16 hits {'DATE/provenance': 2, 'SYM-BASE': 4, 'SYM-WORD': 10}
   DATE/provenance   line    3 col  54  token-sha256:e016178c3633  len 10
   DATE/provenance   line    5 col   0  token-sha256:e016178c3633  len 10
   SYM-WORD          line   10 col  47  token-sha256:2348f9987442  len 4
   SYM-WORD          line   14 col  12  token-sha256:2348f9987442  len 4
   SYM-WORD          line   45 col  49  token-sha256:b3a1984ba0b1  len 4
   SYM-BASE          line   51 col  12  token-sha256:9b202ecbc6d4  len 2
   SYM-WORD          line   52 col  56  token-sha256:b3a1984ba0b1  len 4
   SYM-WORD          line   54 col   7  token-sha256:b3a1984ba0b1  len 4
   SYM-WORD          line   55 col  20  token-sha256:b3a1984ba0b1  len 4
   SYM-WORD          line   79 col  49  token-sha256:07397d633f25  len 4
   SYM-BASE          line   90 col  42  token-sha256:9b202ecbc6d4  len 2
   SYM-WORD          line  100 col  12  token-sha256:7db20897053b  len 6
   SYM-WORD          line  103 col  16  token-sha256:0f42435b74b4  len 5
   SYM-BASE          line  110 col   4  token-sha256:9b202ecbc6d4  len 2
   SYM-WORD          line  118 col  44  token-sha256:07397d633f25  len 4
   SYM-BASE          line  125 col  50  token-sha256:9b202ecbc6d4  len 2

== [juror] exam-prep/sixth-fix/juror-questions/JQ-R04-CONTENT.md: 63 hits {'DATE': 9, 'DATE/provenance': 2, 'PRICE': 18, 'SYM-WORD': 34}
   DATE              line    1 col  19  token-sha256:8c78fe5b9936  len 3
   DATE/provenance   line    3 col  54  token-sha256:e016178c3633  len 10
   DATE/provenance   line    5 col   0  token-sha256:e016178c3633  len 10
   SYM-WORD          line    8 col  62  token-sha256:b3a1984ba0b1  len 4
   SYM-WORD          line   13 col  47  token-sha256:2348f9987442  len 4
   SYM-WORD          line   17 col  12  token-sha256:2348f9987442  len 4
   DATE              line   25 col  11  token-sha256:ea8b9d012dc8  len 10
   SYM-WORD          line   53 col  49  token-sha256:b3a1984ba0b1  len 4
   SYM-WORD          line   59 col  43  token-sha256:2348f9987442  len 4
   SYM-WORD          line   60 col  33  token-sha256:3eeb7e96e59c  len 5
   SYM-WORD          line   62 col  48  token-sha256:b3a1984ba0b1  len 4
   DATE              line   64 col  11  token-sha256:ea8b9d012dc8  len 10
   DATE              line   68 col  11  token-sha256:ea8b9d012dc8  len 10
   DATE              line   73 col  11  token-sha256:ea8b9d012dc8  len 10
   SYM-WORD          line   74 col  32  token-sha256:2348f9987442  len 4
   SYM-WORD          line   75 col  17  token-sha256:2348f9987442  len 4
   DATE              line   76 col  11  token-sha256:ea8b9d012dc8  len 10
   DATE              line   80 col  11  token-sha256:ea8b9d012dc8  len 10
   SYM-WORD          line   88 col  55  token-sha256:b3a1984ba0b1  len 4
   SYM-WORD          line   92 col  47  token-sha256:b3a1984ba0b1  len 4
   SYM-WORD          line   93 col  12  token-sha256:b3a1984ba0b1  len 4
   SYM-WORD          line   94 col  66  token-sha256:b3a1984ba0b1  len 4
   SYM-WORD          line  101 col  18  token-sha256:f9eeb63bf773  len 4
   SYM-WORD          line  111 col   5  token-sha256:b3a1984ba0b1  len 4
   SYM-WORD          line  119 col  38  token-sha256:b3a1984ba0b1  len 4
   SYM-WORD          line  121 col  49  token-sha256:b3a1984ba0b1  len 4
   DATE              line  139 col  16  token-sha256:8c78fe5b9936  len 3
   SYM-WORD          line  141 col  69  token-sha256:b3a1984ba0b1  len 4
   SYM-WORD          line  149 col  47  token-sha256:b3a1984ba0b1  len 4
   SYM-WORD          line  158 col  52  token-sha256:b3a1984ba0b1  len 4
   PRICE             line  162 col  34  token-sha256:de91f3d46646  len 6
   PRICE             line  162 col  44  token-sha256:34882335f335  len 6
   PRICE             line  162 col  56  token-sha256:c6d5a3a60cb1  len 6
   PRICE             line  162 col  66  token-sha256:644cc8dd4a3a  len 6
   PRICE             line  162 col  78  token-sha256:2f2b1ef6b2f1  len 6
   PRICE             line  162 col  88  token-sha256:aafa62fbab38  len 6
   PRICE             line  162 col 100  token-sha256:82768717f5e5  len 6
   PRICE             line  162 col 110  token-sha256:ea5a65175ead  len 6
   PRICE             line  163 col  73  token-sha256:9a7fb6bdbf7c  len 6
   PRICE             line  163 col  83  token-sha256:1c098b41a294  len 6
   PRICE             line  163 col  95  token-sha256:9a50590fbf7e  len 6
   PRICE             line  163 col 105  token-sha256:72c6c3bebd89  len 6
   PRICE             line  163 col 117  token-sha256:d2de0b3afc87  len 6
   PRICE             line  163 col 127  token-sha256:0841fa732f45  len 6
   PRICE             line  163 col 139  token-sha256:a0fbccea5197  len 6
   PRICE             line  163 col 149  token-sha256:65ea336eb905  len 6
   PRICE             line  170 col  10  token-sha256:c6d5a3a60cb1  len 6
   PRICE             line  170 col  25  token-sha256:644cc8dd4a3a  len 6
   SYM-WORD          line  175 col  27  token-sha256:b3a1984ba0b1  len 4
   SYM-WORD          line  196 col  36  token-sha256:3eeb7e96e59c  len 5
   SYM-WORD          line  199 col  55  token-sha256:2348f9987442  len 4
   SYM-WORD          line  209 col  19  token-sha256:3eeb7e96e59c  len 5
   SYM-WORD          line  210 col  51  token-sha256:3eeb7e96e59c  len 5
   SYM-WORD          line  215 col  60  token-sha256:3c469e9d6c58  len 5
   SYM-WORD          line  216 col  52  token-sha256:2348f9987442  len 4
   SYM-WORD          line  219 col  26  token-sha256:3eeb7e96e59c  len 5
   SYM-WORD          line  228 col   3  token-sha256:2348f9987442  len 4
   SYM-WORD          line  237 col  28  token-sha256:3eeb7e96e59c  len 5
   DATE              line  239 col  16  token-sha256:8c78fe5b9936  len 3
   SYM-WORD          line  240 col  57  token-sha256:3eeb7e96e59c  len 5
   SYM-WORD          line  243 col  55  token-sha256:2348f9987442  len 4
   SYM-WORD          line  244 col  18  token-sha256:07397d633f25  len 4
   SYM-WORD          line  249 col  26  token-sha256:3eeb7e96e59c  len 5

== [juror-ranges] canteen/2026-09-19-sofia.md: 2 hits {'SYM-WORD': 2}
   SYM-WORD          line  245 col  42  token-sha256:2348f9987442  len 4
   SYM-WORD          line  246 col  31  token-sha256:2348f9987442  len 4

== [cited-by-d] decisions/2026-10-01-jq-r04-gate/verdict.md: 5 hits {'DATE/provenance': 2, 'SYM-BASE': 2, 'SYM-WORD': 1}
   DATE/provenance   line   10 col  20  token-sha256:e016178c3633  len 10
   DATE/provenance   line   11 col  48  token-sha256:e016178c3633  len 10
   SYM-WORD          line   14 col 298  token-sha256:b3986952b145  len 5
   SYM-BASE          line   24 col  51  token-sha256:73475cb40a56  len 2
   SYM-BASE          line   30 col 126  token-sha256:b5c7aed7cd2a  len 3

== [cited-by-d] decisions/2026-10-01-jq-r04-date-content/verdict.md: 14 hits {'DATE': 1, 'DATE/provenance': 3, 'SYM-WORD': 10}
   DATE/provenance   line   11 col 183  token-sha256:ea8b9d012dc8  len 10
   DATE/provenance   line   11 col 223  token-sha256:e016178c3633  len 10
   SYM-WORD          line   27 col 236  token-sha256:d1905cf90af2  len 4
   SYM-WORD          line   35 col 106  token-sha256:2348f9987442  len 4
   DATE              line   42 col  20  token-sha256:8c78fe5b9936  len 3
   SYM-WORD          line   42 col 117  token-sha256:b3a1984ba0b1  len 4
   SYM-WORD          line   42 col 292  token-sha256:b3a1984ba0b1  len 4
   SYM-WORD          line   45 col 216  token-sha256:3c469e9d6c58  len 5
   SYM-WORD          line   45 col 226  token-sha256:3c469e9d6c58  len 5
   DATE/provenance   line   47 col  20  token-sha256:8c78fe5b9936  len 3
   SYM-WORD          line   47 col 248  token-sha256:3eeb7e96e59c  len 5
   SYM-WORD          line   56 col 148  token-sha256:b3a1984ba0b1  len 4
   SYM-WORD          line   57 col  50  token-sha256:b3a1984ba0b1  len 4
   SYM-WORD          line   67 col 116  token-sha256:07d715edb696  len 5

== [cited-by-d] decisions/2026-10-01-jq-r04-carries/verdict.md: 14 hits {'DATE/provenance': 9, 'SYM-WORD': 5}
   DATE/provenance   line   10 col  20  token-sha256:e016178c3633  len 10
   DATE/provenance   line   10 col  86  token-sha256:e016178c3633  len 10
   DATE/provenance   line   11 col  92  token-sha256:e016178c3633  len 10
   DATE/provenance   line   12 col  20  token-sha256:e016178c3633  len 10
   DATE/provenance   line   12 col 137  token-sha256:e016178c3633  len 10
   SYM-WORD          line   14 col 227  token-sha256:b3986952b145  len 5
   DATE/provenance   line   20 col 188  token-sha256:e016178c3633  len 10
   DATE/provenance   line   22 col 179  token-sha256:e016178c3633  len 10
   DATE/provenance   line   24 col 192  token-sha256:e016178c3633  len 10
   SYM-WORD          line   32 col  44  token-sha256:b3a1984ba0b1  len 4
   SYM-WORD          line   36 col  69  token-sha256:b3a1984ba0b1  len 4
   SYM-WORD          line   81 col  82  token-sha256:b3a1984ba0b1  len 4
   DATE/provenance   line   87 col  90  token-sha256:e016178c3633  len 10
   SYM-WORD          line  107 col 112  token-sha256:b3a1984ba0b1  len 4

== [index] exam-prep/JUROR-QUESTIONS.md: 29 hits {'DATE/provenance': 27, 'SYM-WORD': 2}
   DATE/provenance   line    3 col  52  token-sha256:e016178c3633  len 10
   DATE/provenance   line    4 col  37  token-sha256:e016178c3633  len 10
   DATE/provenance   line    5 col  38  token-sha256:e016178c3633  len 10
   DATE/provenance   line    6 col  37  token-sha256:e016178c3633  len 10
   DATE/provenance   line    7 col  37  token-sha256:e016178c3633  len 10
   DATE/provenance   line    8 col  39  token-sha256:e016178c3633  len 10
   DATE/provenance   line    9 col  38  token-sha256:29a5102cbb3f  len 10
   SYM-WORD          line   28 col  12  token-sha256:2348f9987442  len 4
   SYM-WORD          line   39 col   7  token-sha256:3eeb7e96e59c  len 5
   DATE/provenance   line   63 col 267  token-sha256:e016178c3633  len 10
   DATE/provenance   line   64 col 267  token-sha256:e016178c3633  len 10
   DATE/provenance   line   65 col 267  token-sha256:e016178c3633  len 10
   DATE/provenance   line   66 col 284  token-sha256:e016178c3633  len 10
   DATE/provenance   line   67 col 294  token-sha256:e016178c3633  len 10
   DATE/provenance   line   68 col 197  token-sha256:e016178c3633  len 10
   DATE/provenance   line   69 col 216  token-sha256:e016178c3633  len 10
   DATE/provenance   line   70 col 216  token-sha256:e016178c3633  len 10
   DATE/provenance   line   71 col 312  token-sha256:ea8b9d012dc8  len 10
   DATE/provenance   line   71 col 481  token-sha256:e016178c3633  len 10
   DATE/provenance   line   72 col 312  token-sha256:ea8b9d012dc8  len 10
   DATE/provenance   line   72 col 481  token-sha256:e016178c3633  len 10
   DATE/provenance   line   73 col 312  token-sha256:ea8b9d012dc8  len 10
   DATE/provenance   line   73 col 481  token-sha256:e016178c3633  len 10
   DATE/provenance   line   74 col 315  token-sha256:ea8b9d012dc8  len 10
   DATE/provenance   line   74 col 484  token-sha256:e016178c3633  len 10
   DATE/provenance   line   75 col 315  token-sha256:ea8b9d012dc8  len 10
   DATE/provenance   line   75 col 484  token-sha256:e016178c3633  len 10
   DATE/provenance   line   76 col 315  token-sha256:ea8b9d012dc8  len 10
   DATE/provenance   line   76 col 484  token-sha256:e016178c3633  len 10
