exam-prep/sixth-fix/checks/juror-file-check-354ffc0d8a910e0c.md: OK
exam-prep/sixth-fix/checks/juror-file-check-7378a60fc1cccf97.md: OK
exam-prep/sixth-fix/checks/juror-file-check-b0af115f117e9f68.md: OK
exam-prep/sixth-fix/checks/juror-file-check-ddf02843e31ff328.md: OK
exam-prep/sixth-fix/checks/runs/354ffc0d8a910e0c.clock: OK
exam-prep/sixth-fix/checks/runs/354ffc0d8a910e0c.json: OK
exam-prep/sixth-fix/checks/runs/7378a60fc1cccf97.clock: OK
exam-prep/sixth-fix/checks/runs/7378a60fc1cccf97.json: OK
exam-prep/sixth-fix/checks/runs/b0af115f117e9f68.clock: OK
exam-prep/sixth-fix/checks/runs/b0af115f117e9f68.json: OK
exam-prep/sixth-fix/checks/runs/ddf02843e31ff328.clock: OK
exam-prep/sixth-fix/checks/runs/ddf02843e31ff328.json: OK
exam-prep/sixth-fix/criteria-written-before-correcting.md: OK
exam-prep/sixth-fix/JUROR-QUESTIONS-as-of-fifth-fix.md: OK
exam-prep/sixth-fix/juror-questions/JQ-R04-CARRIES.md: OK
exam-prep/sixth-fix/juror-questions/JQ-R04-CONTENT-d.md: OK
exam-prep/sixth-fix/juror-questions/JQ-R04-CONTENT.md: OK
exam-prep/sixth-fix/juror-questions/JQ-R04-DATE.md: OK
exam-prep/sixth-fix/pre-run-fingerprints.txt: OK
exam-prep/sixth-fix/pre-run-scripts-fingerprints.txt: OK
exam-prep/sixth-fix/SIXTH-FIX.md: OK
exam-prep/JUROR-QUESTIONS.md: OK
exam-prep/VERDICT.md: OK
exam-prep/HANDED-FORWARD.md: OK
exam-prep/README.md: OK
scripts/33_juror_file_check_sixth.py: OK
