
## strict-flags
family | features | NN reported | line | reported beats | NN lowest | NN highest | NN mean | mean beats | tie-dependent
price-level | 1 | 0.153595 | 0.179739 | no | 0.137255 | 0.156863 | 0.147059 | no | 
volatility-frozen | 3 | 0.160131 | 0.176471 | no | 0.160131 | 0.160131 | 0.160131 | no | 
volume-level | 1 | 0.127451 | 0.137255 | no | 0.000000 | 0.990196 | 0.118599 | no | 
trades-level | 1 | 0.130719 | 0.166667 | no | 0.006536 | 0.875817 | 0.154136 | no | 
openint-level | 1 | 0.130719 | 0.153595 | no | 0.003268 | 0.967320 | 0.141978 | no | 
depth-level | 2 | 0.147059 | 0.147059 | no | 0.022876 | 0.977124 | 0.147147 | YES | TIE-DEPENDENT
ratio-level | 3 | 0.127451 | 0.176471 | no | 0.081699 | 0.326797 | 0.134483 | no | 
taker-buy | 1 | 0.120915 | 0.166667 | no | 0.003268 | 0.957516 | 0.119780 | no | 
funding-line | 3 | 0.094771 | 0.160131 | no | 0.000000 | 0.996732 | 0.151876 | no | 
p7-shape | 2 | 0.150327 | 0.179739 | no | 0.150327 | 0.150327 | 0.150327 | no | 
shape-scale-free | 13 | 0.147059 | 0.173203 | no | 0.147059 | 0.147059 | 0.147059 | no | 
repeat-close | 2 | 0.160131 | 0.166667 | no | 0.009804 | 0.885621 | 0.140828 | no | 
repeat-chg | 2 | 0.101307 | 0.166667 | no | 0.006536 | 0.928105 | 0.142932 | no | 
repeat-volume | 2 | 0.163399 | 0.153595 | YES | 0.000000 | 0.977124 | 0.129737 | no | TIE-DEPENDENT
repeat-trades | 2 | 0.232026 | 0.173203 | YES | 0.091503 | 0.454248 | 0.222160 | YES | 
repeat-takerbuy | 2 | 0.124183 | 0.169935 | no | 0.006536 | 0.931373 | 0.121157 | no | 
repeat-openint | 2 | 0.143791 | 0.173203 | no | 0.045752 | 0.862745 | 0.202839 | YES | TIE-DEPENDENT
repeat-ratio | 6 | 0.186275 | 0.176471 | YES | 0.186275 | 0.186275 | 0.186275 | YES | 
repeat-depth | 4 | 0.222222 | 0.169935 | YES | 0.088235 | 0.957516 | 0.214744 | YES | 
ALL | 53 | 0.405229 | 0.169935 | YES | 0.405229 | 0.405229 | 0.405229 | YES | 
ALL-except-frozen-volatility | 50 | 0.388889 | 0.173203 | YES | 0.388889 | 0.388889 | 0.388889 | YES | 
ALL-removable | 43 | 0.392157 | 0.169935 | YES | 0.392157 | 0.392157 | 0.392157 | YES | 
K-4 exact | 1 | 0.143791 | 0.169935 | no | 0.006536 | 0.950980 | 0.194551 | YES | AUC 0.596809 line 0.513207

## strict-flags-k1
family | features | NN reported | line | reported beats | NN lowest | NN highest | NN mean | mean beats | tie-dependent
price-level | 1 | 0.156863 | 0.179739 | no | 0.153595 | 0.156863 | 0.155229 | no | 
volatility-frozen | 3 | 0.160131 | 0.176471 | no | 0.160131 | 0.160131 | 0.160131 | no | 
volume-level | 1 | 0.127451 | 0.137255 | no | 0.000000 | 0.990196 | 0.118599 | no | 
trades-level | 1 | 0.130719 | 0.166667 | no | 0.006536 | 0.875817 | 0.154136 | no | 
openint-level | 1 | 0.130719 | 0.153595 | no | 0.003268 | 0.967320 | 0.141978 | no | 
depth-level | 2 | 0.147059 | 0.147059 | no | 0.022876 | 0.977124 | 0.147147 | YES | TIE-DEPENDENT
ratio-level | 3 | 0.127451 | 0.176471 | no | 0.081699 | 0.326797 | 0.134483 | no | 
taker-buy | 1 | 0.120915 | 0.166667 | no | 0.003268 | 0.957516 | 0.119780 | no | 
funding-line | 3 | 0.094771 | 0.160131 | no | 0.000000 | 0.996732 | 0.151876 | no | 
p7-shape | 2 | 0.150327 | 0.179739 | no | 0.150327 | 0.150327 | 0.150327 | no | 
shape-scale-free | 13 | 0.147059 | 0.173203 | no | 0.147059 | 0.147059 | 0.147059 | no | 
repeat-close | 2 | 0.205882 | 0.166667 | YES | 0.009804 | 0.885621 | 0.151031 | no | TIE-DEPENDENT
repeat-chg | 2 | 0.101307 | 0.166667 | no | 0.006536 | 0.928105 | 0.142932 | no | 
repeat-volume | 2 | 0.163399 | 0.153595 | YES | 0.000000 | 0.977124 | 0.129737 | no | TIE-DEPENDENT
repeat-trades | 2 | 0.232026 | 0.173203 | YES | 0.091503 | 0.454248 | 0.222160 | YES | 
repeat-takerbuy | 2 | 0.124183 | 0.169935 | no | 0.006536 | 0.931373 | 0.121157 | no | 
repeat-openint | 2 | 0.143791 | 0.173203 | no | 0.045752 | 0.862745 | 0.202839 | YES | TIE-DEPENDENT
repeat-ratio | 6 | 0.186275 | 0.176471 | YES | 0.186275 | 0.186275 | 0.186275 | YES | 
repeat-depth | 4 | 0.222222 | 0.169935 | YES | 0.088235 | 0.957516 | 0.214744 | YES | 
ALL | 53 | 0.418301 | 0.169935 | YES | 0.418301 | 0.418301 | 0.418301 | YES | 
ALL-except-frozen-volatility | 50 | 0.405229 | 0.169935 | YES | 0.405229 | 0.405229 | 0.405229 | YES | 
ALL-removable | 43 | 0.418301 | 0.173203 | YES | 0.418301 | 0.418301 | 0.418301 | YES | 
K-4 exact | 1 | 0.215686 | 0.173203 | YES | 0.052288 | 0.594771 | 0.254526 | YES | AUC 0.630049 line 0.512271
